17:23:07 **** Incremental Build of configuration Debug for project evkbmimxrt1060_lvgl_guider_v8 ****
make -r -j16 all 
Building file: C:/NXP/GUI-Guider-Projects/Password/generated/events_init.c
Invoking: MCU C Compiler
arm-none-eabi-gcc -std=gnu99 -D__NEWLIB__ -DCPU_MIMXRT1062DVL6B -DCPU_MIMXRT1062DVL6B_cm7 -DXIP_BOOT_HEADER_DCD_ENABLE=1 -DSKIP_SYSCLK_INIT -DDATA_SECTION_IS_CACHEABLE=1 -DSDK_DEBUGCONSOLE=1 -DXIP_EXTERNAL_FLASH=1 -DXIP_BOOT_HEADER_ENABLE=1 -DFSL_SDK_DRIVER_QUICK_ACCESS_ENABLE=1 -DFSL_SDK_ENABLE_DRIVER_CACHE_CONTROL=1 -DSD_ENABLED -DLV_CONF_INCLUDE_SIMPLE=1 -D__NXP_MSDK__ -DMCUXPRESSO_SDK -DSDK_I2C_BASED_COMPONENT_USED=1 -DSERIAL_PORT_TYPE_UART=1 -DSDK_OS_FREE_RTOS -DCR_INTEGER_PRINTF -D__MCUXPRESSO -D__USE_CMSIS -DDEBUG -I"C:\NXP\GUI-Guider-Projects\Password\sdk\Core\source" -I"C:\NXP\GUI-Guider-Projects\Password\sdk\Core\lvgl\lvgl\src\core" -I"C:\NXP\GUI-Guider-Projects\Password\sdk\Core\video" -I"C:\NXP\GUI-Guider-Projects\Password\sdk\Core\drivers" -I"C:\NXP\GUI-Guider-Projects\Password\sdk\Core\utilities" -I"C:\NXP\GUI-Guider-Projects\Password\sdk\Core\component\gpio" -I"C:\NXP\GUI-Guider-Projects\Password\sdk\Core\sdmmc\inc" -I"C:\NXP\GUI-Guider-Projects\Password\sdk\Core\sdmmc\host" -I"C:\NXP\GUI-Guider-Projects\Password\sdk\Core\fatfs\source" -I"C:\NXP\GUI-Guider-Projects\Password\sdk\Core\fatfs\source\fsl_sd_disk" -I"C:\NXP\GUI-Guider-Projects\Password\sdk\Core\openh264\codec\decoder\core\inc" -I"C:\NXP\GUI-Guider-Projects\Password\sdk\Core\openh264\codec\decoder\plus\inc" -I"C:\NXP\GUI-Guider-Projects\Password\sdk\Core\device" -I"C:\NXP\GUI-Guider-Projects\Password\sdk\Core\component\uart" -I"C:\NXP\GUI-Guider-Projects\Password\sdk\Core\component\lists" -I"C:\NXP\GUI-Guider-Projects\Password\sdk\Core\xip" -I"C:\NXP\GUI-Guider-Projects\Password\sdk\Core\CMSIS" -I"C:\NXP\GUI-Guider-Projects\Password\sdk\Core\sdmmc\osa" -I"C:\NXP\GUI-Guider-Projects\Password\sdk\Core\component\osa" -I"C:\NXP\GUI-Guider-Projects\Password\sdk\Core\freertos\freertos-kernel\include" -I"C:\NXP\GUI-Guider-Projects\Password\sdk\Core\freertos\freertos-kernel\portable\GCC\ARM_CM4F" -I"C:\NXP\GUI-Guider-Projects\Password\sdk\Core\openh264\codec\api\svc" -I"C:\NXP\GUI-Guider-Projects\Password\sdk\Core\openh264\codec\common\inc" -I"C:\NXP\GUI-Guider-Projects\Password\sdk\Core\board" -I"C:\NXP\GUI-Guider-Projects\Password\sdk\Core\source\freertos_libraries\abstractions\posix\include" -I"C:\NXP\GUI-Guider-Projects\Password\sdk\Core\source\freertos_libraries\freertos_plus\standard\freertos_plus_posix\include" -I"C:\NXP\GUI-Guider-Projects\Password\sdk\Core\source\freertos_libraries\c_sdk\standard\common\include\private" -I"C:\NXP\GUI-Guider-Projects\Password\sdk\Core\touchpanel" -I"C:\NXP\GUI-Guider-Projects\Password\sdk\Core\lvgl\lvgl" -I"C:\NXP\GUI-Guider-Projects\Password\sdk\Core\lvgl\lvgl\src" -I"C:\NXP\GUI-Guider-Projects\Password\sdk\Core\lvgl" -I"C:\NXP\GUI-Guider-Projects\Password\sdk\Core\lvgl\lvgl\src\font" -I"C:\NXP\GUI-Guider-Projects\Password\sdk\Core\component\serial_manager" -I"C:\NXP\GUI-Guider-Projects\Password\custom" -I"C:\NXP\GUI-Guider-Projects\Password\generated" -I"C:\NXP\GUI-Guider-Projects\Password\generated\guider_customer_fonts" -I"C:\NXP\GUI-Guider-Projects\Password\generated\guider_fonts" -I"C:\NXP\GUI-Guider-Projects\Password\sdk\Core\rlottie" -O0 -fno-common -g3 -gdwarf-4 -Wall -c -ffunction-sections -fdata-sections -ffreestanding -fno-builtin -Wno-format -fmerge-constants -fmacro-prefix-map="C:/NXP/GUI-Guider-Projects/Password/generated/"= -mcpu=cortex-m7 -mfpu=fpv5-d16 -mfloat-abi=hard -mthumb -D__NEWLIB__ -fstack-usage -specs=nano.specs -MMD -MP -MF"generated/events_init.d" -MT"generated/events_init.o" -MT"generated/events_init.d" -o "generated/events_init.o" "C:/NXP/GUI-Guider-Projects/Password/generated/events_init.c"
Finished building: C:/NXP/GUI-Guider-Projects/Password/generated/events_init.c
 
Building target: evkbmimxrt1060_lvgl_guider_v8.axf
Invoking: MCU C++ Linker
arm-none-eabi-c++ -nostdlib -L"C:\NXP\GUI-Guider-Projects\Password\lib\arm\gcc" -Xlinker -no-warn-rwx-segments -Xlinker -Map="evkbmimxrt1060_lvgl_guider_v8.map" -Xlinker --gc-sections -Xlinker -print-memory-usage -Xlinker --sort-section=alignment -Xlinker --cref -mcpu=cortex-m7 -mfpu=fpv5-d16 -mfloat-abi=hard -mthumb -T evkbmimxrt1060_lvgl_guider_v8_Debug.ld -o "evkbmimxrt1060_lvgl_guider_v8.axf" ./xip/evkbmimxrt1060_flexspi_nor_config.o ./xip/fsl_flexspi_nor_boot.o  ./video/fsl_video_common.o  ./utilities/fsl_assert.o ./utilities/fsl_debug_console.o ./utilities/fsl_memcpy.o ./utilities/fsl_str.o  ./touchpanel/fsl_ft5406_rt.o ./touchpanel/fsl_gt911.o  ./startup/startup_mimxrt1062.o  ./source/freertos_libraries/freertos_plus/standard/freertos_plus_posix/source/FreeRTOS_POSIX_clock.o ./source/freertos_libraries/freertos_plus/standard/freertos_plus_posix/source/FreeRTOS_POSIX_mqueue.o ./source/freertos_libraries/freertos_plus/standard/freertos_plus_posix/source/FreeRTOS_POSIX_pthread.o ./source/freertos_libraries/freertos_plus/standard/freertos_plus_posix/source/FreeRTOS_POSIX_pthread_barrier.o ./source/freertos_libraries/freertos_plus/standard/freertos_plus_posix/source/FreeRTOS_POSIX_pthread_cond.o ./source/freertos_libraries/freertos_plus/standard/freertos_plus_posix/source/FreeRTOS_POSIX_pthread_mutex.o ./source/freertos_libraries/freertos_plus/standard/freertos_plus_posix/source/FreeRTOS_POSIX_sched.o ./source/freertos_libraries/freertos_plus/standard/freertos_plus_posix/source/FreeRTOS_POSIX_semaphore.o ./source/freertos_libraries/freertos_plus/standard/freertos_plus_posix/source/FreeRTOS_POSIX_timer.o ./source/freertos_libraries/freertos_plus/standard/freertos_plus_posix/source/FreeRTOS_POSIX_unistd.o ./source/freertos_libraries/freertos_plus/standard/freertos_plus_posix/source/FreeRTOS_POSIX_utils.o  ./source/Monitor.o ./source/h264_dec.o ./source/lvgl_demo_utils.o ./source/lvgl_freertos.o ./source/lvgl_guider.o ./source/sdcard.o  ./sdmmc/src/fsl_sd.o ./sdmmc/src/fsl_sdmmc_common.o  ./sdmmc/osa/fsl_sdmmc_osa.o  ./sdmmc/host/fsl_sdmmc_host.o  ./lvgl/lvgl/src/widgets/lv_arc.o ./lvgl/lvgl/src/widgets/lv_bar.o ./lvgl/lvgl/src/widgets/lv_btn.o ./lvgl/lvgl/src/widgets/lv_btnmatrix.o ./lvgl/lvgl/src/widgets/lv_canvas.o ./lvgl/lvgl/src/widgets/lv_checkbox.o ./lvgl/lvgl/src/widgets/lv_dropdown.o ./lvgl/lvgl/src/widgets/lv_img.o ./lvgl/lvgl/src/widgets/lv_label.o ./lvgl/lvgl/src/widgets/lv_line.o ./lvgl/lvgl/src/widgets/lv_objx_templ.o ./lvgl/lvgl/src/widgets/lv_roller.o ./lvgl/lvgl/src/widgets/lv_slider.o ./lvgl/lvgl/src/widgets/lv_switch.o ./lvgl/lvgl/src/widgets/lv_table.o ./lvgl/lvgl/src/widgets/lv_textarea.o  ./lvgl/lvgl/src/misc/lv_anim.o ./lvgl/lvgl/src/misc/lv_anim_timeline.o ./lvgl/lvgl/src/misc/lv_area.o ./lvgl/lvgl/src/misc/lv_async.o ./lvgl/lvgl/src/misc/lv_bidi.o ./lvgl/lvgl/src/misc/lv_color.o ./lvgl/lvgl/src/misc/lv_fs.o ./lvgl/lvgl/src/misc/lv_gc.o ./lvgl/lvgl/src/misc/lv_ll.o ./lvgl/lvgl/src/misc/lv_log.o ./lvgl/lvgl/src/misc/lv_lru.o ./lvgl/lvgl/src/misc/lv_math.o ./lvgl/lvgl/src/misc/lv_mem.o ./lvgl/lvgl/src/misc/lv_printf.o ./lvgl/lvgl/src/misc/lv_style.o ./lvgl/lvgl/src/misc/lv_style_gen.o ./lvgl/lvgl/src/misc/lv_templ.o ./lvgl/lvgl/src/misc/lv_timer.o ./lvgl/lvgl/src/misc/lv_tlsf.o ./lvgl/lvgl/src/misc/lv_txt.o ./lvgl/lvgl/src/misc/lv_txt_ap.o ./lvgl/lvgl/src/misc/lv_utils.o  ./lvgl/lvgl/src/hal/lv_hal_disp.o ./lvgl/lvgl/src/hal/lv_hal_indev.o ./lvgl/lvgl/src/hal/lv_hal_tick.o  ./lvgl/lvgl/src/font/lv_font.o ./lvgl/lvgl/src/font/lv_font_dejavu_16_persian_hebrew.o ./lvgl/lvgl/src/font/lv_font_fmt_txt.o ./lvgl/lvgl/src/font/lv_font_loader.o ./lvgl/lvgl/src/font/lv_font_montserrat_10.o ./lvgl/lvgl/src/font/lv_font_montserrat_12.o ./lvgl/lvgl/src/font/lv_font_montserrat_12_subpx.o ./lvgl/lvgl/src/font/lv_font_montserrat_14.o ./lvgl/lvgl/src/font/lv_font_montserrat_16.o ./lvgl/lvgl/src/font/lv_font_montserrat_18.o ./lvgl/lvgl/src/font/lv_font_montserrat_20.o ./lvgl/lvgl/src/font/lv_font_montserrat_22.o ./lvgl/lvgl/src/font/lv_font_montserrat_24.o ./lvgl/lvgl/src/font/lv_font_montserrat_26.o ./lvgl/lvgl/src/font/lv_font_montserrat_28.o ./lvgl/lvgl/src/font/lv_font_montserrat_28_compressed.o ./lvgl/lvgl/src/font/lv_font_montserrat_30.o ./lvgl/lvgl/src/font/lv_font_montserrat_32.o ./lvgl/lvgl/src/font/lv_font_montserrat_34.o ./lvgl/lvgl/src/font/lv_font_montserrat_36.o ./lvgl/lvgl/src/font/lv_font_montserrat_38.o ./lvgl/lvgl/src/font/lv_font_montserrat_40.o ./lvgl/lvgl/src/font/lv_font_montserrat_42.o ./lvgl/lvgl/src/font/lv_font_montserrat_44.o ./lvgl/lvgl/src/font/lv_font_montserrat_46.o ./lvgl/lvgl/src/font/lv_font_montserrat_48.o ./lvgl/lvgl/src/font/lv_font_montserrat_8.o ./lvgl/lvgl/src/font/lv_font_simsun_16_cjk.o ./lvgl/lvgl/src/font/lv_font_unscii_16.o ./lvgl/lvgl/src/font/lv_font_unscii_8.o  ./lvgl/lvgl/src/extra/widgets/win/lv_win.o  ./lvgl/lvgl/src/extra/widgets/video/lv_video.o  ./lvgl/lvgl/src/extra/widgets/tileview/lv_tileview.o  ./lvgl/lvgl/src/extra/widgets/textprogress/lv_textprogress.o  ./lvgl/lvgl/src/extra/widgets/tabview/lv_tabview.o  ./lvgl/lvgl/src/extra/widgets/spinner/lv_spinner.o  ./lvgl/lvgl/src/extra/widgets/spinbox/lv_spinbox.o  ./lvgl/lvgl/src/extra/widgets/span/lv_span.o  ./lvgl/lvgl/src/extra/widgets/radiobtn/lv_radiobtn.o  ./lvgl/lvgl/src/extra/widgets/msgbox/lv_msgbox.o  ./lvgl/lvgl/src/extra/widgets/meter/lv_meter.o  ./lvgl/lvgl/src/extra/widgets/menu/lv_menu.o  ./lvgl/lvgl/src/extra/widgets/list/lv_list.o  ./lvgl/lvgl/src/extra/widgets/led/lv_led.o  ./lvgl/lvgl/src/extra/widgets/keyboard/lv_keyboard.o ./lvgl/lvgl/src/extra/widgets/keyboard/lv_zh_keyboard.o  ./lvgl/lvgl/src/extra/widgets/imgbtn/lv_imgbtn.o  ./lvgl/lvgl/src/extra/widgets/dclock/lv_dclock.o  ./lvgl/lvgl/src/extra/widgets/colorwheel/lv_colorwheel.o  ./lvgl/lvgl/src/extra/widgets/chart/lv_chart.o  ./lvgl/lvgl/src/extra/widgets/carousel/lv_carousel.o  ./lvgl/lvgl/src/extra/widgets/calendar/lv_calendar.o ./lvgl/lvgl/src/extra/widgets/calendar/lv_calendar_header_arrow.o ./lvgl/lvgl/src/extra/widgets/calendar/lv_calendar_header_dropdown.o  ./lvgl/lvgl/src/extra/widgets/animimg/lv_animimg.o  ./lvgl/lvgl/src/extra/widgets/analogclock/lv_analogclock.o  ./lvgl/lvgl/src/extra/themes/mono/lv_theme_mono.o  ./lvgl/lvgl/src/extra/themes/default/lv_theme_default.o  ./lvgl/lvgl/src/extra/themes/basic/lv_theme_basic.o  ./lvgl/lvgl/src/extra/others/snapshot/lv_snapshot.o  ./lvgl/lvgl/src/extra/others/msg/lv_msg.o  ./lvgl/lvgl/src/extra/others/monkey/lv_monkey.o  ./lvgl/lvgl/src/extra/others/imgfont/lv_imgfont.o  ./lvgl/lvgl/src/extra/others/ime/lv_ime_pinyin.o  ./lvgl/lvgl/src/extra/others/gridnav/lv_gridnav.o  ./lvgl/lvgl/src/extra/others/fragment/lv_fragment.o ./lvgl/lvgl/src/extra/others/fragment/lv_fragment_manager.o  ./lvgl/lvgl/src/extra/libs/sjpg/lv_sjpg.o ./lvgl/lvgl/src/extra/libs/sjpg/tjpgd.o  ./lvgl/lvgl/src/extra/libs/rlottie/lv_rlottie.o  ./lvgl/lvgl/src/extra/libs/qrcode/lv_qrcode.o ./lvgl/lvgl/src/extra/libs/qrcode/qrcodegen.o  ./lvgl/lvgl/src/extra/libs/png/lodepng.o ./lvgl/lvgl/src/extra/libs/png/lv_png.o  ./lvgl/lvgl/src/extra/libs/gif/gifdec.o ./lvgl/lvgl/src/extra/libs/gif/lv_gif.o  ./lvgl/lvgl/src/extra/libs/fsdrv/lv_fs_fatfs.o ./lvgl/lvgl/src/extra/libs/fsdrv/lv_fs_posix.o ./lvgl/lvgl/src/extra/libs/fsdrv/lv_fs_rawfs.o ./lvgl/lvgl/src/extra/libs/fsdrv/lv_fs_stdio.o ./lvgl/lvgl/src/extra/libs/fsdrv/lv_fs_win32.o  ./lvgl/lvgl/src/extra/libs/freetype/lv_freetype.o  ./lvgl/lvgl/src/extra/libs/ffmpeg/lv_ffmpeg.o  ./lvgl/lvgl/src/extra/libs/bmp/lv_bmp.o  ./lvgl/lvgl/src/extra/libs/barcode/code128.o ./lvgl/lvgl/src/extra/libs/barcode/lv_barcode.o  ./lvgl/lvgl/src/extra/layouts/grid/lv_grid.o  ./lvgl/lvgl/src/extra/layouts/flex/lv_flex.o  ./lvgl/lvgl/src/extra/lv_extra.o  ./lvgl/lvgl/src/draw/swm341_dma2d/lv_gpu_swm341_dma2d.o  ./lvgl/lvgl/src/draw/sw/lv_draw_sw.o ./lvgl/lvgl/src/draw/sw/lv_draw_sw_arc.o ./lvgl/lvgl/src/draw/sw/lv_draw_sw_blend.o ./lvgl/lvgl/src/draw/sw/lv_draw_sw_dither.o ./lvgl/lvgl/src/draw/sw/lv_draw_sw_gradient.o ./lvgl/lvgl/src/draw/sw/lv_draw_sw_img.o ./lvgl/lvgl/src/draw/sw/lv_draw_sw_layer.o ./lvgl/lvgl/src/draw/sw/lv_draw_sw_letter.o ./lvgl/lvgl/src/draw/sw/lv_draw_sw_line.o ./lvgl/lvgl/src/draw/sw/lv_draw_sw_polygon.o ./lvgl/lvgl/src/draw/sw/lv_draw_sw_rect.o ./lvgl/lvgl/src/draw/sw/lv_draw_sw_transform.o  ./lvgl/lvgl/src/draw/stm32_dma2d/lv_gpu_stm32_dma2d.o  ./lvgl/lvgl/src/draw/sdl/lv_draw_sdl.o ./lvgl/lvgl/src/draw/sdl/lv_draw_sdl_arc.o ./lvgl/lvgl/src/draw/sdl/lv_draw_sdl_bg.o ./lvgl/lvgl/src/draw/sdl/lv_draw_sdl_composite.o ./lvgl/lvgl/src/draw/sdl/lv_draw_sdl_img.o ./lvgl/lvgl/src/draw/sdl/lv_draw_sdl_label.o ./lvgl/lvgl/src/draw/sdl/lv_draw_sdl_layer.o ./lvgl/lvgl/src/draw/sdl/lv_draw_sdl_line.o ./lvgl/lvgl/src/draw/sdl/lv_draw_sdl_mask.o ./lvgl/lvgl/src/draw/sdl/lv_draw_sdl_polygon.o ./lvgl/lvgl/src/draw/sdl/lv_draw_sdl_rect.o ./lvgl/lvgl/src/draw/sdl/lv_draw_sdl_stack_blur.o ./lvgl/lvgl/src/draw/sdl/lv_draw_sdl_texture_cache.o ./lvgl/lvgl/src/draw/sdl/lv_draw_sdl_utils.o  ./lvgl/lvgl/src/draw/renesas/lv_gpu_d2_draw_label.o ./lvgl/lvgl/src/draw/renesas/lv_gpu_d2_ra6m3.o  ./lvgl/lvgl/src/draw/nxp/vglite/lv_draw_vglite.o ./lvgl/lvgl/src/draw/nxp/vglite/lv_draw_vglite_arc.o ./lvgl/lvgl/src/draw/nxp/vglite/lv_draw_vglite_blend.o ./lvgl/lvgl/src/draw/nxp/vglite/lv_draw_vglite_line.o ./lvgl/lvgl/src/draw/nxp/vglite/lv_draw_vglite_rect.o ./lvgl/lvgl/src/draw/nxp/vglite/lv_vglite_buf.o ./lvgl/lvgl/src/draw/nxp/vglite/lv_vglite_utils.o  ./lvgl/lvgl/src/draw/nxp/pxp/lv_draw_pxp.o ./lvgl/lvgl/src/draw/nxp/pxp/lv_draw_pxp_blend.o ./lvgl/lvgl/src/draw/nxp/pxp/lv_gpu_nxp_pxp.o ./lvgl/lvgl/src/draw/nxp/pxp/lv_gpu_nxp_pxp_osa.o  ./lvgl/lvgl/src/draw/arm2d/lv_gpu_arm2d.o  ./lvgl/lvgl/src/draw/lv_draw.o ./lvgl/lvgl/src/draw/lv_draw_arc.o ./lvgl/lvgl/src/draw/lv_draw_img.o ./lvgl/lvgl/src/draw/lv_draw_label.o ./lvgl/lvgl/src/draw/lv_draw_layer.o ./lvgl/lvgl/src/draw/lv_draw_line.o ./lvgl/lvgl/src/draw/lv_draw_mask.o ./lvgl/lvgl/src/draw/lv_draw_rect.o ./lvgl/lvgl/src/draw/lv_draw_transform.o ./lvgl/lvgl/src/draw/lv_draw_triangle.o ./lvgl/lvgl/src/draw/lv_img_buf.o ./lvgl/lvgl/src/draw/lv_img_cache.o ./lvgl/lvgl/src/draw/lv_img_decoder.o  ./lvgl/lvgl/src/core/lv_disp.o ./lvgl/lvgl/src/core/lv_event.o ./lvgl/lvgl/src/core/lv_group.o ./lvgl/lvgl/src/core/lv_indev.o ./lvgl/lvgl/src/core/lv_indev_scroll.o ./lvgl/lvgl/src/core/lv_obj.o ./lvgl/lvgl/src/core/lv_obj_class.o ./lvgl/lvgl/src/core/lv_obj_draw.o ./lvgl/lvgl/src/core/lv_obj_pos.o ./lvgl/lvgl/src/core/lv_obj_scroll.o ./lvgl/lvgl/src/core/lv_obj_style.o ./lvgl/lvgl/src/core/lv_obj_style_gen.o ./lvgl/lvgl/src/core/lv_obj_tree.o ./lvgl/lvgl/src/core/lv_refr.o ./lvgl/lvgl/src/core/lv_theme.o  ./generated/images/_arrow_32x32.o ./generated/images/_lock_alpha_22x22.o ./generated/images/_lock_alpha_90x90.o ./generated/images/_logout_35x35.o ./generated/images/_logout_alpha_26x23.o ./generated/images/_monkey_alpha_190x195.o ./generated/images/_notallow_alpha_182x189.o ./generated/images/_unlock_alpha_22x22.o ./generated/images/_unlock_alpha_90x90.o  ./generated/guider_fonts/lv_font_Alatsi_Regular_24.o ./generated/guider_fonts/lv_font_SourceHanSerifSC_Regular_18.o ./generated/guider_fonts/lv_font_montserratMedium_12.o ./generated/guider_fonts/lv_font_montserratMedium_16.o ./generated/guider_fonts/lv_font_montserratMedium_20.o  ./generated/events_init.o ./generated/gui_guider.o ./generated/setup_scr_Login_Screen.o ./generated/setup_scr_SystemControl.o ./generated/setup_scr_UnlockControl.o ./generated/widgets_init.o  ./freertos/freertos-kernel/portable/MemMang/heap_4.o  ./freertos/freertos-kernel/portable/GCC/ARM_CM4F/port.o  ./freertos/freertos-kernel/croutine.o ./freertos/freertos-kernel/event_groups.o ./freertos/freertos-kernel/list.o ./freertos/freertos-kernel/queue.o ./freertos/freertos-kernel/stream_buffer.o ./freertos/freertos-kernel/tasks.o ./freertos/freertos-kernel/timers.o  ./fatfs/source/fsl_sd_disk/fsl_sd_disk.o  ./fatfs/source/diskio.o ./fatfs/source/ff.o ./fatfs/source/ffsystem.o ./fatfs/source/ffunicode.o  ./drivers/fsl_cache.o ./drivers/fsl_clock.o ./drivers/fsl_common.o ./drivers/fsl_common_arm.o ./drivers/fsl_elcdif.o ./drivers/fsl_gpio.o ./drivers/fsl_lpi2c.o ./drivers/fsl_lpuart.o ./drivers/fsl_pxp.o ./drivers/fsl_usdhc.o  ./device/system_MIMXRT1062.o  ./custom/custom.o  ./component/uart/fsl_adapter_lpuart.o  ./component/serial_manager/fsl_component_serial_manager.o ./component/serial_manager/fsl_component_serial_port_uart.o  ./component/osa/fsl_os_abstraction_free_rtos.o  ./component/lists/fsl_component_generic_list.o  ./component/gpio/fsl_adapter_igpio.o  ./board/board.o ./board/clock_config.o ./board/dcd.o ./board/lvgl_support.o ./board/pin_mux.o ./board/sdmmc_config.o    -lrlottie -lopenh264
Memory region         Used Size  Region Size  %age Used
     BOARD_FLASH:     1126232 B         8 MB     13.43%
     BOARD_SDRAM:    26289416 B        30 MB     83.57%
   NCACHE_REGION:          32 B         2 MB      0.00%
        SRAM_DTC:          0 GB       128 KB      0.00%
        SRAM_ITC:          0 GB       128 KB      0.00%
         SRAM_OC:        510 KB       768 KB     66.41%
Finished building target: evkbmimxrt1060_lvgl_guider_v8.axf
 
Performing post-build steps
arm-none-eabi-size "evkbmimxrt1060_lvgl_guider_v8.axf"; # arm-none-eabi-objcopy -v -O binary "evkbmimxrt1060_lvgl_guider_v8.axf" "evkbmimxrt1060_lvgl_guider_v8.bin" ; # checksum -p MIMXRT1062xxxxB -d "evkbmimxrt1060_lvgl_guider_v8.bin";
   text	   data	    bss	    dec	    hex	filename
 603688	 522544	26289144	27415376	1a25350	evkbmimxrt1060_lvgl_guider_v8.axf
 
